2025/12/31 20:19:25 TOR IP DOĞRULAMA: BAŞARILI (Tor ağı kullanılıyor)
2025/12/31 20:19:39 BAŞARILI http://hackwcxirzhxdv23uinsha3qf7o227x7ncoctpvs4w7s6y2rlka2ygid.onion/ -> SUCCESS
2025/12/31 20:19:52 HTML BAŞARILI http://hackwcxirzhxdv23uinsha3qf7o227x7ncoctpvs4w7s6y2rlka2ygid.onion/ -> SUCCESS
2025/12/31 20:20:16 BAŞARILI http://proh3kzisrnmnxznebk6ugix4sktlu3wdemn4vcbejeeh3awj5c4nryd.onion/ -> SUCCESS
2025/12/31 20:20:34 HTML BAŞARILI http://proh3kzisrnmnxznebk6ugix4sktlu3wdemn4vcbejeeh3awj5c4nryd.onion/ -> SUCCESS
2025/12/31 20:20:52 BAŞARILI http://muaw5mpgden7ubj55ettmdh6vmk3kpob5lyd2t47ius2lom3bltgs5qd.onion/ -> SUCCESS
2025/12/31 20:21:07 HTML BAŞARILI http://muaw5mpgden7ubj55ettmdh6vmk3kpob5lyd2t47ius2lom3bltgs5qd.onion/ -> SUCCESS
2025/12/31 20:21:25 BAŞARILI http://hsssfzzzxboe66mtswcrhxpzlmiejv246pun3ttasg3x4y6xayjag5id.onion/ -> SUCCESS
2025/12/31 20:21:38 HTML BAŞARILI http://hsssfzzzxboe66mtswcrhxpzlmiejv246pun3ttasg3x4y6xayjag5id.onion/ -> SUCCESS
2025/12/31 20:22:00 BAŞARILI http://onecgystgqggh2tc4xu44tojzjfvu5uhwayubbctnsnszmbynsf5n6ad.onion/ -> SUCCESS
2025/12/31 20:22:14 HTML BAŞARILI http://onecgystgqggh2tc4xu44tojzjfvu5uhwayubbctnsnszmbynsf5n6ad.onion/ -> SUCCESS
2025/12/31 20:22:34 BAŞARILI http://xnetv5fbup4xybm3x3tpcaqvsyde54ci2qcm2edhtbouvdz5cgndghad.onion/ -> SUCCESS
2025/12/31 20:22:47 HTML BAŞARILI http://xnetv5fbup4xybm3x3tpcaqvsyde54ci2qcm2edhtbouvdz5cgndghad.onion/ -> SUCCESS
2025/12/31 20:23:18 BAŞARILI http://cus43oder3dcj5whshor5kbprvj6fjciupurb5v5vamzjapiruy3coid.onion/ -> SUCCESS
2025/12/31 20:23:46 HTML BAŞARILI http://cus43oder3dcj5whshor5kbprvj6fjciupurb5v5vamzjapiruy3coid.onion/ -> SUCCESS
2025/12/31 20:24:19 BAŞARISIZ http://c5of4btzpgjwrw4puqqmvu7u3su6dcy2uthxig47fylgvccoenrvqpid.onion/ -> FAILED
2025/12/31 20:24:54 BAŞARILI http://cus43oder3dcj5whshor5kbprvj6fjciupurb5v5vamzjapiruy3coid.onion/ -> SUCCESS
2025/12/31 20:25:26 HTML BAŞARILI http://cus43oder3dcj5whshor5kbprvj6fjciupurb5v5vamzjapiruy3coid.onion/ -> SUCCESS
2025/12/31 20:25:37 BAŞARILI http://34f4lyj7gnykc4wydrafxxisu4m4vqfpsnetppk3dojtvkwaackmkdyd.onion/ -> SUCCESS
2025/12/31 20:25:40 HTML BAŞARILI http://34f4lyj7gnykc4wydrafxxisu4m4vqfpsnetppk3dojtvkwaackmkdyd.onion/ -> SUCCESS
